Archive member included to satisfy reference by file (symbol)

c:/program files (x86)/atmel/studio/7.0/toolchain/arm/arm-gnu-toolchain/bin/../lib/gcc/arm-none-eabi/6.3.1/thumb/v6-m\libgcc.a(_udivsi3.o)
                              hpl/core/hpl_core_m0plus_base.o (__aeabi_uidiv)
c:/program files (x86)/atmel/studio/7.0/toolchain/arm/arm-gnu-toolchain/bin/../lib/gcc/arm-none-eabi/6.3.1/thumb/v6-m\libgcc.a(_dvmd_tls.o)
                              c:/program files (x86)/atmel/studio/7.0/toolchain/arm/arm-gnu-toolchain/bin/../lib/gcc/arm-none-eabi/6.3.1/thumb/v6-m\libgcc.a(_udivsi3.o) (__aeabi_idiv0)
c:/program files (x86)/atmel/studio/7.0/toolchain/arm/arm-gnu-toolchain/bin/../lib/gcc/arm-none-eabi/6.3.1/thumb/v6-m\libgcc.a(_aeabi_uldivmod.o)
                              hpl/sercom/hpl_sercom.o (__aeabi_uldivmod)
c:/program files (x86)/atmel/studio/7.0/toolchain/arm/arm-gnu-toolchain/bin/../lib/gcc/arm-none-eabi/6.3.1/thumb/v6-m\libgcc.a(_muldi3.o)
                              hpl/sercom/hpl_sercom.o (__aeabi_lmul)
c:/program files (x86)/atmel/studio/7.0/toolchain/arm/arm-gnu-toolchain/bin/../lib/gcc/arm-none-eabi/6.3.1/thumb/v6-m\libgcc.a(_ffssi2.o)
                              hpl/eic/hpl_eic.o (__ffssi2)
c:/program files (x86)/atmel/studio/7.0/toolchain/arm/arm-gnu-toolchain/bin/../lib/gcc/arm-none-eabi/6.3.1/thumb/v6-m\libgcc.a(_fixunsdfsi.o)
                              hpl/sercom/hpl_sercom.o (__aeabi_d2uiz)
c:/program files (x86)/atmel/studio/7.0/toolchain/arm/arm-gnu-toolchain/bin/../lib/gcc/arm-none-eabi/6.3.1/thumb/v6-m\libgcc.a(_udivmoddi4.o)
                              c:/program files (x86)/atmel/studio/7.0/toolchain/arm/arm-gnu-toolchain/bin/../lib/gcc/arm-none-eabi/6.3.1/thumb/v6-m\libgcc.a(_aeabi_uldivmod.o) (__udivmoddi4)
c:/program files (x86)/atmel/studio/7.0/toolchain/arm/arm-gnu-toolchain/bin/../lib/gcc/arm-none-eabi/6.3.1/thumb/v6-m\libgcc.a(divdf3.o)
                              hpl/sercom/hpl_sercom.o (__aeabi_ddiv)
c:/program files (x86)/atmel/studio/7.0/toolchain/arm/arm-gnu-toolchain/bin/../lib/gcc/arm-none-eabi/6.3.1/thumb/v6-m\libgcc.a(muldf3.o)
                              hpl/sercom/hpl_sercom.o (__aeabi_dmul)
c:/program files (x86)/atmel/studio/7.0/toolchain/arm/arm-gnu-toolchain/bin/../lib/gcc/arm-none-eabi/6.3.1/thumb/v6-m\libgcc.a(subdf3.o)
                              hpl/sercom/hpl_sercom.o (__aeabi_dsub)
c:/program files (x86)/atmel/studio/7.0/toolchain/arm/arm-gnu-toolchain/bin/../lib/gcc/arm-none-eabi/6.3.1/thumb/v6-m\libgcc.a(fixdfsi.o)
                              c:/program files (x86)/atmel/studio/7.0/toolchain/arm/arm-gnu-toolchain/bin/../lib/gcc/arm-none-eabi/6.3.1/thumb/v6-m\libgcc.a(_fixunsdfsi.o) (__aeabi_d2iz)
c:/program files (x86)/atmel/studio/7.0/toolchain/arm/arm-gnu-toolchain/bin/../lib/gcc/arm-none-eabi/6.3.1/thumb/v6-m\libgcc.a(floatsidf.o)
                              hpl/sercom/hpl_sercom.o (__aeabi_i2d)
c:/program files (x86)/atmel/studio/7.0/toolchain/arm/arm-gnu-toolchain/bin/../lib/gcc/arm-none-eabi/6.3.1/thumb/v6-m\libgcc.a(floatunsidf.o)
                              hpl/sercom/hpl_sercom.o (__aeabi_ui2d)
c:/program files (x86)/atmel/studio/7.0/toolchain/arm/arm-gnu-toolchain/bin/../lib/gcc/arm-none-eabi/6.3.1/thumb/v6-m\libgcc.a(_arm_cmpdf2.o)
                              c:/program files (x86)/atmel/studio/7.0/toolchain/arm/arm-gnu-toolchain/bin/../lib/gcc/arm-none-eabi/6.3.1/thumb/v6-m\libgcc.a(_fixunsdfsi.o) (__aeabi_dcmpge)
c:/program files (x86)/atmel/studio/7.0/toolchain/arm/arm-gnu-toolchain/bin/../lib/gcc/arm-none-eabi/6.3.1/thumb/v6-m\libgcc.a(_clzsi2.o)
                              c:/program files (x86)/atmel/studio/7.0/toolchain/arm/arm-gnu-toolchain/bin/../lib/gcc/arm-none-eabi/6.3.1/thumb/v6-m\libgcc.a(divdf3.o) (__clzsi2)
c:/program files (x86)/atmel/studio/7.0/toolchain/arm/arm-gnu-toolchain/bin/../lib/gcc/arm-none-eabi/6.3.1/thumb/v6-m\libgcc.a(_clzdi2.o)
                              c:/program files (x86)/atmel/studio/7.0/toolchain/arm/arm-gnu-toolchain/bin/../lib/gcc/arm-none-eabi/6.3.1/thumb/v6-m\libgcc.a(_udivmoddi4.o) (__clzdi2)
c:/program files (x86)/atmel/studio/7.0/toolchain/arm/arm-gnu-toolchain/bin/../lib/gcc/arm-none-eabi/6.3.1/thumb/v6-m\libgcc.a(_ctzsi2.o)
                              c:/program files (x86)/atmel/studio/7.0/toolchain/arm/arm-gnu-toolchain/bin/../lib/gcc/arm-none-eabi/6.3.1/thumb/v6-m\libgcc.a(_ffssi2.o) (__ctzsi2)
c:/program files (x86)/atmel/studio/7.0/toolchain/arm/arm-gnu-toolchain/bin/../lib/gcc/arm-none-eabi/6.3.1/thumb/v6-m\libgcc.a(eqdf2.o)
                              c:/program files (x86)/atmel/studio/7.0/toolchain/arm/arm-gnu-toolchain/bin/../lib/gcc/arm-none-eabi/6.3.1/thumb/v6-m\libgcc.a(_arm_cmpdf2.o) (__eqdf2)
c:/program files (x86)/atmel/studio/7.0/toolchain/arm/arm-gnu-toolchain/bin/../lib/gcc/arm-none-eabi/6.3.1/thumb/v6-m\libgcc.a(gedf2.o)
[...]
Memory Configuration

Name             Origin             Length             Attributes
rom              0x00000000         0x00040000         xr
ram              0x20000000         0x00008000         xrw
*default*        0x00000000         0xffffffff

Linker script and memory map

LOAD c:/program files (x86)/atmel/studio/7.0/toolchain/arm/arm-gnu-toolchain/bin/../lib/gcc/arm-none-eabi/6.3.1/thumb/v6-m/crti.o
LOAD c:/program files (x86)/atmel/studio/7.0/toolchain/arm/arm-gnu-toolchain/bin/../lib/gcc/arm-none-eabi/6.3.1/thumb/v6-m/crtbegin.o
LOAD c:/program files (x86)/atmel/studio/7.0/toolchain/arm/arm-gnu-toolchain/bin/../lib/gcc/arm-none-eabi/6.3.1/../../../../arm-none-eabi/lib/thumb/v6-m/crt0.o
LOAD atmel_start.o
LOAD Device_Startup/startup_samd21.o
LOAD Device_Startup/system_samd21.o
LOAD driver_init.o
LOAD examples/driver_examples.o
LOAD hal/src/hal_atomic.o
LOAD hal/src/hal_delay.o
LOAD hal/src/hal_ext_irq.o
LOAD hal/src/hal_gpio.o
LOAD hal/src/hal_init.o
LOAD hal/src/hal_io.o
LOAD hal/src/hal_sleep.o
LOAD hal/src/hal_spi_m_sync.o
LOAD hal/src/hal_timer.o
LOAD hal/src/hal_usart_async.o
LOAD hal/utils/src/utils_assert.o
LOAD hal/utils/src/utils_event.o
LOAD hal/utils/src/utils_list.o
LOAD hal/utils/src/utils_ringbuffer.o
LOAD hal/utils/src/utils_syscalls.o
LOAD hpl/core/hpl_core_m0plus_base.o
LOAD hpl/core/hpl_init.o
LOAD hpl/dmac/hpl_dmac.o
LOAD hpl/eic/hpl_eic.o
LOAD hpl/gclk/hpl_gclk.o
LOAD hpl/pm/hpl_pm.o
LOAD hpl/sercom/hpl_sercom.o
LOAD hpl/sysctrl/hpl_sysctrl.o
LOAD hpl/tc/hpl_tc.o
LOAD main.o
START GROUP
LOAD c:/program files (x86)/atmel/studio/7.0/toolchain/arm/arm-gnu-toolchain/bin/../lib/gcc/arm-none-eabi/6.3.1/../../../../arm-none-eabi/lib/thumb/v6-m\libm.a
END GROUP
START GROUP
LOAD c:/program files (x86)/atmel/studio/7.0/toolchain/arm/arm-gnu-toolchain/bin/../lib/gcc/arm-none-eabi/6.3.1/thumb/v6-m\libgcc.a
LOAD c:/program files (x86)/atmel/studio/7.0/toolchain/arm/arm-gnu-toolchain/bin/../lib/gcc/arm-none-eabi/6.3.1/../../../../arm-none-eabi/lib/thumb/v6-m\libc_nano.a
END GROUP
START GROUP
LOAD c:/program files (x86)/atmel/studio/7.0/toolchain/arm/arm-gnu-toolchain/bin/../lib/gcc/arm-none-eabi/6.3.1/thumb/v6-m\libgcc.a
LOAD c:/program files (x86)/atmel/studio/7.0/toolchain/arm/arm-gnu-toolchain/bin/../lib/gcc/arm-none-eabi/6.3.1/../../../../arm-none-eabi/lib/thumb/v6-m\libc_nano.a
END GROUP
LOAD c:/program files (x86)/atmel/studio/7.0/toolchain/arm/arm-gnu-toolchain/bin/../lib/gcc/arm-none-eabi/6.3.1/thumb/v6-m/crtend.o
LOAD c:/program files (x86)/atmel/studio/7.0/toolchain/arm/arm-gnu-toolchain/bin/../lib/gcc/arm-none-eabi/6.3.1/thumb/v6-m/crtn.o
                0x00002000                STACK_SIZE = DEFINED (STACK_SIZE)?STACK_SIZE:DEFINED (__stack_size__)?__stack_size__:0x2000

.text           0x00000000     0x1db0
                0x00000000                . = ALIGN (0x4)
                0x00000000                _sfixed = .
 *(.vectors .vectors.*)
 .vectors       0x00000000       0xb4 Device_Startup/startup_samd21.o
                0x00000000                exception_table
 *(.text .text.* .gnu.linkonce.t.*)
 .text          0x000000b4       0x60 c:/program files (x86)/atmel/studio/7.0/toolchain/arm/arm-gnu-toolchain/bin/../lib/gcc/arm-none-eabi/6.3.1/thumb/v6-m/crtbegin.o
 .text.atmel_start_init
                0x00000114        0xc atmel_start.o
                0x00000114                atmel_start_init
 .text.Dummy_Handler
                0x00000120        0x2 Device_Startup/startup_samd21.o
                0x00000120                SVCall_Handler
                0x00000120                DMAC_Handler
                0x00000120                HardFault_Handler
                0x00000120                AC_Handler
                0x00000120                SysTick_Handler
                0x00000120                PendSV_Handler
                0x00000120                SERCOM1_Handler
                0x00000120                ADC_Handler
                0x00000120                NonMaskableInt_Handler
                0x00000120                TCC1_Handler
                0x00000120                SERCOM2_Handler
                0x00000120                TCC0_Handler
                0x00000120                RTC_Handler
                0x00000120                WDT_Handler
                0x00000120                TC4_Handler
                0x00000120                USB_Handler
                0x00000120                Dummy_Handler
                0x00000120                PM_Handler
                0x00000120                SERCOM5_Handler
                0x00000120                TCC2_Handler
                0x00000120                EVSYS_Handler
                0x00000120                SERCOM3_Handler
                0x00000120                I2S_Handler
                0x00000120                NVMCTRL_Handler
                0x00000120                SERCOM0_Handler
                0x00000120                DAC_Handler
                0x00000120                PTC_Handler
                0x00000120                TC5_Handler
                0x00000120                SYSCTRL_Handler
 *fill*         0x00000122        0x2 
 .text.Reset_Handler
                0x00000124       0xc4 Device_Startup/startup_samd21.o
                0x00000124                Reset_Handler
 .text.TIMER_init
                0x000001e8       0x40 driver_init.o
 .text.EXTERNAL_IRQ_init
                0x00000228       0x60 driver_init.o
                0x00000228                EXTERNAL_IRQ_init
 .text.SPI_PORT_init
                0x00000288       0xb4 driver_init.o
                0x00000288                SPI_PORT_init
 .text.SPI_CLOCK_init
                0x0000033c       0x20 driver_init.o
                0x0000033c                SPI_CLOCK_init
 .text.SPI_init
                0x0000035c       0x28 driver_init.o
                0x0000035c                SPI_init
 .text.Serial_CLOCK_init
                0x00000384       0x20 driver_init.o
                0x00000384                Serial_CLOCK_init
 .text.Serial_PORT_init
                0x000003a4       0x44 driver_init.o
                0x000003a4                Serial_PORT_init
 .text.Serial_init
                0x000003e8       0x38 driver_init.o
                0x000003e8                Serial_init
 .text.system_init
                0x00000420       0x74 driver_init.o
                0x00000420                system_init
 .text.atomic_enter_critical
                0x00000494        0xe hal/src/hal_atomic.o
                0x00000494                atomic_enter_critical
 .text.atomic_leave_critical
                0x000004a2        0xc hal/src/hal_atomic.o
                0x000004a2                atomic_leave_critical
 *fill*         0x000004ae        0x2 
 .text.process_ext_irq
                0x000004b0       0x44 hal/src/hal_ext_irq.o
 .text.ext_irq_init
                0x000004f4       0x34 hal/src/hal_ext_irq.o
                0x000004f4                ext_irq_init
 .text.ext_irq_register
                0x00000528       0xd8 hal/src/hal_ext_irq.o
                0x00000528                ext_irq_register
 .text.io_write
                0x00000600       0x38 hal/src/hal_io.o
                0x00000600                io_write
 .text.io_read  0x00000638       0x38 hal/src/hal_io.o
                0x00000638                io_read
 .text.spi_m_sync_init
                0x00000670       0x58 hal/src/hal_spi_m_sync.o
                0x00000670                spi_m_sync_init
 .text.spi_m_sync_enable
                0x000006c8       0x28 hal/src/hal_spi_m_sync.o
                0x000006c8                spi_m_sync_enable
 .text.spi_m_sync_transfer
                0x000006f0       0x48 hal/src/hal_spi_m_sync.o
                0x000006f0                spi_m_sync_transfer
 .text._spi_m_sync_io_write
                0x00000738       0x3c hal/src/hal_spi_m_sync.o
 .text._spi_m_sync_io_read
                0x00000774       0x3c hal/src/hal_spi_m_sync.o
 .text.timer_add_timer_task
                0x000007b0       0x58 hal/src/hal_timer.o
 .text.timer_process_counted
                0x00000808       0x64 hal/src/hal_timer.o
 .text.timer_init
                0x0000086c       0x44 hal/src/hal_timer.o
                0x0000086c                timer_init
 .text.timer_start
                0x000008b0       0x3c hal/src/hal_timer.o
                0x000008b0                timer_start
 .text.timer_stop
                0x000008ec       0x3c hal/src/hal_timer.o
                0x000008ec                timer_stop
 .text.timer_add_task
                0x00000928       0xb0 hal/src/hal_timer.o
                0x00000928                timer_add_task
 .text.usart_transmission_complete
                0x000009d8       0x12 hal/src/hal_usart_async.o
 .text.usart_error
                0x000009ea       0x12 hal/src/hal_usart_async.o
 .text.usart_fill_rx_buffer
                0x000009fc       0x1c hal/src/hal_usart_async.o
 .text.usart_async_write
                0x00000a18       0x68 hal/src/hal_usart_async.o
 .text.usart_process_byte_sent
                0x00000a80       0x44 hal/src/hal_usart_async.o
 .text.usart_async_read
                0x00000ac4       0x80 hal/src/hal_usart_async.o
 .text.usart_async_init
                0x00000b44       0x9c hal/src/hal_usart_async.o
                0x00000b44                usart_async_init
 .text.usart_async_enable
                0x00000be0       0x2c hal/src/hal_usart_async.o
                0x00000be0                usart_async_enable
 .text.usart_async_register_callback
                0x00000c0c       0x78 hal/src/hal_usart_async.o
                0x00000c0c                usart_async_register_callback
 .text.assert   0x00000c84        0x8 hal/utils/src/utils_assert.o
                0x00000c84                assert
 .text.is_list_element
                0x00000c8c       0x16 hal/utils/src/utils_list.o
                0x00000c8c                is_list_element
 *fill*         0x00000ca2        0x2 
 .text.list_insert_as_head
                0x00000ca4       0x2c hal/utils/src/utils_list.o
                0x00000ca4                list_insert_as_head
 .text.list_insert_after
                0x00000cd0        0x8 hal/utils/src/utils_list.o
                0x00000cd0                list_insert_after
 .text.list_remove_head
                0x00000cd8       0x12 hal/utils/src/utils_list.o
                0x00000cd8                list_remove_head
 *fill*         0x00000cea        0x2 
 .text.ringbuffer_init
                0x00000cec       0x4c hal/utils/src/utils_ringbuffer.o
                0x00000cec                ringbuffer_init
 .text.ringbuffer_get
                0x00000d38       0x4c hal/utils/src/utils_ringbuffer.o
                0x00000d38                ringbuffer_get
 .text.ringbuffer_put
                0x00000d84       0x40 hal/utils/src/utils_ringbuffer.o
                0x00000d84                ringbuffer_put
 .text.ringbuffer_num
                0x00000dc4       0x24 hal/utils/src/utils_ringbuffer.o
                0x00000dc4                ringbuffer_num
 .text._irq_set
                0x00000de8       0x1c hpl/core/hpl_core_m0plus_base.o
                0x00000de8                _irq_set
 .text._init_chip
                0x00000e04       0x38 hpl/core/hpl_init.o
                0x00000e04                _init_chip
 .text._ext_irq_init
                0x00000e3c       0x94 hpl/eic/hpl_eic.o
                0x00000e3c                _ext_irq_init
 .text._ext_irq_enable
                0x00000ed0       0x4c hpl/eic/hpl_eic.o
                0x00000ed0                _ext_irq_enable
 .text.EIC_Handler
                0x00000f1c       0xb8 hpl/eic/hpl_eic.o
                0x00000f1c                EIC_Handler
 .text._gclk_init_generators_by_fref
                0x00000fd4       0x78 hpl/gclk/hpl_gclk.o
                0x00000fd4                _gclk_init_generators_by_fref
 .text._pm_init
                0x0000104c       0x20 hpl/pm/hpl_pm.o
                0x0000104c                _pm_init
 .text._sercom_get_hardware_index
                0x0000106c       0x10 hpl/sercom/hpl_sercom.o
 .text._sercom_usart_interrupt_handler
                0x0000107c       0x64 hpl/sercom/hpl_sercom.o
 .text._sercom_init_irq_param
                0x000010e0       0x18 hpl/sercom/hpl_sercom.o
 .text._sercom_get_irq_num
                0x000010f8       0x10 hpl/sercom/hpl_sercom.o
 .text._spi_sync_enable
                0x00001108       0x1e hpl/sercom/hpl_sercom.o
 *fill*         0x00001126        0x2 
 .text._get_sercom_index
                0x00001128       0x44 hpl/sercom/hpl_sercom.o
 .text._usart_init
                0x0000116c       0xf0 hpl/sercom/hpl_sercom.o
 .text._usart_async_init
                0x0000125c       0x8c hpl/sercom/hpl_sercom.o
                0x0000125c                _usart_async_init
 .text._usart_async_enable
                0x000012e8       0x12 hpl/sercom/hpl_sercom.o
                0x000012e8                _usart_async_enable
 .text._usart_async_write_byte
                0x000012fa        0x8 hpl/sercom/hpl_sercom.o
                0x000012fa                _usart_async_write_byte
 .text._usart_async_enable_byte_sent_irq
                0x00001302        0x8 hpl/sercom/hpl_sercom.o
                0x00001302                _usart_async_enable_byte_sent_irq
 .text._usart_async_enable_tx_done_irq
                0x0000130a        0x8 hpl/sercom/hpl_sercom.o
                0x0000130a                _usart_async_enable_tx_done_irq
 *fill*         0x00001312        0x2 
 .text._usart_async_set_irq_state
                0x00001314       0x78 hpl/sercom/hpl_sercom.o
                0x00001314                _usart_async_set_irq_state
 .text.SERCOM4_Handler
                0x0000138c       0x14 hpl/sercom/hpl_sercom.o
                0x0000138c                SERCOM4_Handler
 .text._spi_m_sync_init
                0x000013a0      0x1fc hpl/sercom/hpl_sercom.o
                0x000013a0                _spi_m_sync_init
 .text._spi_m_sync_enable
                0x0000159c       0x38 hpl/sercom/hpl_sercom.o
                0x0000159c                _spi_m_sync_enable
 .text._spi_m_sync_trans
                0x000015d4      0x114 hpl/sercom/hpl_sercom.o
                0x000015d4                _spi_m_sync_trans
 .text._sysctrl_init_sources
                0x000016e8       0x44 hpl/sysctrl/hpl_sysctrl.o
                0x000016e8                _sysctrl_init_sources
 .text._sysctrl_init_referenced_generators
                0x0000172c       0x88 hpl/sysctrl/hpl_sysctrl.o
                0x0000172c                _sysctrl_init_referenced_generators
 .text.tc_interrupt_handler
                0x000017b4       0x16 hpl/tc/hpl_tc.o
 *fill*         0x000017ca        0x2 
 .text.tc_get_hardware_index
                0x000017cc       0x10 hpl/tc/hpl_tc.o
 .text._tc_init_irq_param
                0x000017dc       0x18 hpl/tc/hpl_tc.o
 .text.get_tc_index
                0x000017f4       0x4c hpl/tc/hpl_tc.o
 .text._timer_init
                0x00001840      0x118 hpl/tc/hpl_tc.o
                0x00001840                _timer_init
 .text._timer_start
                0x00001958        0xe hpl/tc/hpl_tc.o
                0x00001958                _timer_start
 .text._timer_stop
                0x00001966        0xc hpl/tc/hpl_tc.o
                0x00001966                _timer_stop
 .text._timer_is_started
                0x00001972        0xc hpl/tc/hpl_tc.o
                0x00001972                _timer_is_started
 .text._tc_get_timer
                0x0000197e        0x4 hpl/tc/hpl_tc.o
                0x0000197e                _tc_get_timer
 *fill*         0x00001982        0x2 
 .text._timer_set_irq
                0x00001984       0x1c hpl/tc/hpl_tc.o
                0x00001984                _timer_set_irq
 .text.TC3_Handler
                0x000019a0       0x14 hpl/tc/hpl_tc.o
                0x000019a0                TC3_Handler
 .text.tx_cb_USART
                0x000019b4        0x2 main.o
 *fill*         0x000019b6        0x2 
 .text.rx_cb_USART
                0x000019b8       0x40 main.o
 .text.button_on_PA10_pressed
                0x000019f8       0x1c main.o
 .text.SPIwrite
                0x00001a14       0x3c main.o
                0x00001a14                SPIwrite
 .text.SPIread  0x00001a50       0x48 main.o
                0x00001a50                SPIread
 .text.TIMER_task1_cb
                0x00001a98       0x34 main.o
 .text.acc_init
                0x00001acc       0x38 main.o
                0x00001acc                acc_init
 .text.main     0x00001b04       0x90 main.o
                0x00001b04                main
 .text          0x00001b94       0x14 c:/program files (x86)/atmel/studio/7.0/toolchain/arm/arm-gnu-toolchain/bin/../lib/gcc/arm-none-eabi/6.3.1/thumb/v6-m\libgcc.a(_ffssi2.o)
                0x00001b94                __ffssi2
 .text          0x00001ba8       0x40 c:/program files (x86)/atmel/studio/7.0/toolchain/arm/arm-gnu-toolchain/bin/../lib/gcc/arm-none-eabi/6.3.1/thumb/v6-m\libgcc.a(_ctzsi2.o)
                0x00001ba8                __ctzsi2
 .text.__libc_init_array
                0x00001be8       0x48 c:/program files (x86)/atmel/studio/7.0/toolchain/arm/arm-gnu-toolchain/bin/../lib/gcc/arm-none-eabi/6.3.1/../../../../arm-none-eabi/lib/thumb/v6-m\libc_nano.a(lib_a-init.o)
                0x00001be8                __libc_init_array
 *(.glue_7t)
 .glue_7t       0x00001c30        0x0 linker stubs
 *(.glue_7)
 .glue_7        0x00001c30        0x0 linker stubs
 *(.rodata .rodata* .gnu.linkonce.r.*)
 .rodata.str1.4
                0x00001c30       0x14 hal/src/hal_io.o
 .rodata.str1.4
                0x00001c44       0x1c hal/src/hal_spi_m_sync.o
 .rodata.str1.4
                0x00001c60       0x17 hal/src/hal_timer.o
 *fill*         0x00001c77        0x1 
 .rodata.str1.4
                0x00001c78       0x1d hal/src/hal_usart_async.o
 *fill*         0x00001c95        0x3 
 .rodata.str1.4
                0x00001c98       0x1e hal/utils/src/utils_list.o
 *fill*         0x00001cb6        0x2 
 .rodata.str1.4
                0x00001cb8       0x24 hal/utils/src/utils_ringbuffer.o
 .rodata        0x00001cdc        0x8 hpl/eic/hpl_eic.o
 .rodata.str1.4
                0x00001ce4       0x15 hpl/eic/hpl_eic.o
 *fill*         0x00001cf9        0x3 
 .rodata        0x00001cfc       0x4d hpl/sercom/hpl_sercom.o
 *fill*         0x00001d49        0x3 
 .rodata.str1.4
                0x00001d4c       0x1b hpl/sercom/hpl_sercom.o
 *fill*         0x00001d67        0x1 
 .rodata        0x00001d68       0x14 hpl/tc/hpl_tc.o
 .rodata.str1.4
                0x00001d7c       0x14 hpl/tc/hpl_tc.o
                                 0x13 (size before relaxing)
 *(.ARM.extab* .gnu.linkonce.armextab.*)
                0x00001d90                . = ALIGN (0x4)
 *(.init)
 .init          0x00001d90        0x4 c:/program files (x86)/atmel/studio/7.0/toolchain/arm/arm-gnu-toolchain/bin/../lib/gcc/arm-none-eabi/6.3.1/thumb/v6-m/crti.o
                0x00001d90                _init
 .init          0x00001d94        0x8 c:/program files (x86)/atmel/studio/7.0/toolchain/arm/arm-gnu-toolchain/bin/../lib/gcc/arm-none-eabi/6.3.1/thumb/v6-m/crtn.o
                0x00001d9c                . = ALIGN (0x4)
                0x00001d9c                __preinit_array_start = .
 *(.preinit_array)
                0x00001d9c                __preinit_array_end = .
                0x00001d9c                . = ALIGN (0x4)
                0x00001d9c                __init_array_start = .
 *(SORT(.init_array.*))
 *(.init_array)
 .init_array    0x00001d9c        0x4 c:/program files (x86)/atmel/studio/7.0/toolchain/arm/arm-gnu-toolchain/bin/../lib/gcc/arm-none-eabi/6.3.1/thumb/v6-m/crtbegin.o
                0x00001da0                __init_array_end = .
                0x00001da0                . = ALIGN (0x4)
 *crtbegin.o(.ctors)
 *(EXCLUDE_FILE(*crtend.o) .ctors)
 *(SORT(.ctors.*))
 *crtend.o(.ctors)
                0x00001da0                . = ALIGN (0x4)
 *(.fini)
 .fini          0x00001da0        0x4 c:/program files (x86)/atmel/studio/7.0/toolchain/arm/arm-gnu-toolchain/bin/../lib/gcc/arm-none-eabi/6.3.1/thumb/v6-m/crti.o
                0x00001da0                _fini
 .fini          0x00001da4        0x8 c:/program files (x86)/atmel/studio/7.0/toolchain/arm/arm-gnu-toolchain/bin/../lib/gcc/arm-none-eabi/6.3.1/thumb/v6-m/crtn.o
                0x00001dac                . = ALIGN (0x4)
                0x00001dac                __fini_array_start = .
 *(.fini_array)
 .fini_array    0x00001dac        0x4 c:/program files (x86)/atmel/studio/7.0/toolchain/arm/arm-gnu-toolchain/bin/../lib/gcc/arm-none-eabi/6.3.1/thumb/v6-m/crtbegin.o
 *(SORT(.fini_array.*))
                0x00001db0                __fini_array_end = .
 *crtbegin.o(.dtors)
 *(EXCLUDE_FILE(*crtend.o) .dtors)
 *(SORT(.dtors.*))
 *crtend.o(.dtors)
                0x00001db0                . = ALIGN (0x4)
                0x00001db0                _efixed = .
                [!provide]                PROVIDE (__exidx_start, .)

.vfp11_veneer   0x00001db0        0x0
 .vfp11_veneer  0x00001db0        0x0 linker stubs

.v4_bx          0x00001db0        0x0
 .v4_bx         0x00001db0        0x0 linker stubs

.iplt           0x00001db0        0x0
 .iplt          0x00001db0        0x0 c:/program files (x86)/atmel/studio/7.0/toolchain/arm/arm-gnu-toolchain/bin/../lib/gcc/arm-none-eabi/6.3.1/thumb/v6-m/crtbegin.o

.eh_frame       0x00001db0        0x0
 .eh_frame      0x00001db0        0x0 c:/program files (x86)/atmel/studio/7.0/toolchain/arm/arm-gnu-toolchain/bin/../lib/gcc/arm-none-eabi/6.3.1/thumb/v6-m/crtbegin.o

.rel.dyn        0x00001db0        0x0
 .rel.iplt      0x00001db0        0x0 c:/program files (x86)/atmel/studio/7.0/toolchain/arm/arm-gnu-toolchain/bin/../lib/gcc/arm-none-eabi/6.3.1/thumb/v6-m/crtbegin.o

.jcr            0x00001db0        0x0
 .jcr           0x00001db0        0x0 c:/program files (x86)/atmel/studio/7.0/toolchain/arm/arm-gnu-toolchain/bin/../lib/gcc/arm-none-eabi/6.3.1/thumb/v6-m/crtbegin.o

.igot.plt       0x00001db0        0x0
 .igot.plt      0x00001db0        0x0 c:/program files (x86)/atmel/studio/7.0/toolchain/arm/arm-gnu-toolchain/bin/../lib/gcc/arm-none-eabi/6.3.1/thumb/v6-m/crtbegin.o

.ARM.exidx
 *(.ARM.exidx* .gnu.linkonce.armexidx.*)
                [!provide]                PROVIDE (__exidx_end, .)
                0x00001db0                . = ALIGN (0x4)
                0x00001db0                _etext = .

.relocate       0x20000000        0x0 load address 0x00001db0
                0x20000000                . = ALIGN (0x4)
                0x20000000                _srelocate = .
 *(.ramfunc .ramfunc.*)
 *(.data .data.*)
                0x20000000                . = ALIGN (0x4)
                0x20000000                _erelocate = .

.bss            0x20000000       0xdc
                0x20000000                . = ALIGN (0x4)
                0x20000000                _sbss = .
                0x20000000                _szero = .
 *(.bss .bss.*)
 .bss           0x20000000       0x1c c:/program files (x86)/atmel/studio/7.0/toolchain/arm/arm-gnu-toolchain/bin/../lib/gcc/arm-none-eabi/6.3.1/thumb/v6-m/crtbegin.o
 .bss           0x2000001c       0x10 driver_init.o
 .bss           0x2000002c        0x8 hal/src/hal_ext_irq.o
 .bss           0x20000034        0x4 hpl/eic/hpl_eic.o
 .bss           0x20000038        0x4 hpl/sercom/hpl_sercom.o
 .bss           0x2000003c        0x4 hpl/tc/hpl_tc.o
 .bss           0x20000040        0x1 main.o
                0x20000040                set
 *(COMMON)
 *fill*         0x20000041        0x3 
 COMMON         0x20000044       0x84 driver_init.o
                0x20000044                TIMER
                0x20000060                Serial
                0x200000b0                SPI
 COMMON         0x200000c8       0x14 main.o
                0x200000c8                TIMER_task1
                0x200000dc                . = ALIGN (0x4)
                0x200000dc                _ebss = .
                0x200000dc                _ezero = .

.stack          0x200000dc     0x2004
                0x200000e0                . = ALIGN (0x8)
 *fill*         0x200000dc        0x4 
                0x200000e0                _sstack = .
                0x200020e0                . = (. + STACK_SIZE)
 *fill*         0x200000e0     0x2000 
                0x200020e0                . = ALIGN (0x8)
                0x200020e0                _estack = .
                0x200020e0                . = ALIGN (0x4)
                0x200020e0                _end = .
OUTPUT(Test_2.elf elf32-littlearm)

.ARM.attributes
                0x00000000       0x28
 .ARM.attributes
                0x00000000       0x1e c:/program files (x86)/atmel/studio/7.0/toolchain/arm/arm-gnu-toolchain/bin/../lib/gcc/arm-none-eabi/6.3.1/thumb/v6-m/crti.o
 .ARM.attributes
                0x0000001e       0x2c c:/program files (x86)/atmel/studio/7.0/toolchain/arm/arm-gnu-toolchain/bin/../lib/gcc/arm-none-eabi/6.3.1/thumb/v6-m/crtbegin.o
 .ARM.attributes
                0x0000004a       0x32 atmel_start.o
 .ARM.attributes
                0x0000007c       0x32 Device_Startup/startup_samd21.o
 .ARM.attributes
                0x000000ae       0x32 driver_init.o
 .ARM.attributes
                0x000000e0       0x32 hal/src/hal_atomic.o
 .ARM.attributes
                0x00000112       0x32 hal/src/hal_ext_irq.o
 .ARM.attributes
                0x00000144       0x32 hal/src/hal_io.o
 .ARM.attributes
                0x00000176       0x32 hal/src/hal_spi_m_sync.o
 .ARM.attributes
                0x000001a8       0x32 hal/src/hal_timer.o
 .ARM.attributes
                0x000001da       0x32 hal/src/hal_usart_async.o
 .ARM.attributes
                0x0000020c       0x32 hal/utils/src/utils_assert.o
 .ARM.attributes
                0x0000023e       0x32 hal/utils/src/utils_list.o
 .ARM.attributes
                0x00000270       0x32 hal/utils/src/utils_ringbuffer.o
 .ARM.attributes
                0x000002a2       0x32 hpl/core/hpl_core_m0plus_base.o
 .ARM.attributes
                0x000002d4       0x32 hpl/core/hpl_init.o
 .ARM.attributes
                0x00000306       0x32 hpl/eic/hpl_eic.o
 .ARM.attributes
                0x00000338       0x32 hpl/gclk/hpl_gclk.o
 .ARM.attributes
                0x0000036a       0x32 hpl/pm/hpl_pm.o
 .ARM.attributes
                0x0000039c       0x32 hpl/sercom/hpl_sercom.o
 .ARM.attributes
                0x000003ce       0x32 hpl/sysctrl/hpl_sysctrl.o
 .ARM.attributes
                0x00000400       0x32 hpl/tc/hpl_tc.o
 .ARM.attributes
                0x00000432       0x32 main.o
 .ARM.attributes
                0x00000464       0x2c c:/program files (x86)/atmel/studio/7.0/toolchain/arm/arm-gnu-toolchain/bin/../lib/gcc/arm-none-eabi/6.3.1/thumb/v6-m\libgcc.a(_ffssi2.o)
 .ARM.attributes
                0x00000490       0x1e c:/program files (x86)/atmel/studio/7.0/toolchain/arm/arm-gnu-toolchain/bin/../lib/gcc/arm-none-eabi/6.3.1/thumb/v6-m\libgcc.a(_ctzsi2.o)
 .ARM.attributes
                0x000004ae       0x2c c:/program files (x86)/atmel/studio/7.0/toolchain/arm/arm-gnu-toolchain/bin/../lib/gcc/arm-none-eabi/6.3.1/../../../../arm-none-eabi/lib/thumb/v6-m\libc_nano.a(lib_a-init.o)
 .ARM.attributes
                0x000004da       0x1e c:/program files (x86)/atmel/studio/7.0/toolchain/arm/arm-gnu-toolchain/bin/../lib/gcc/arm-none-eabi/6.3.1/thumb/v6-m/crtn.o

.comment        0x00000000       0x59
 .comment       0x00000000       0x59 atmel_start.o
                                 0x5a (size before relaxing)
 .comment       0x00000059       0x5a Device_Startup/startup_samd21.o
 .comment       0x00000059       0x5a driver_init.o
 .comment       0x00000059       0x5a hal/src/hal_atomic.o
 .comment       0x00000059       0x5a hal/src/hal_ext_irq.o
 .comment       0x00000059       0x5a hal/src/hal_io.o
 .comment       0x00000059       0x5a hal/src/hal_spi_m_sync.o
 .comment       0x00000059       0x5a hal/src/hal_timer.o
 .comment       0x00000059       0x5a hal/src/hal_usart_async.o
 .comment       0x00000059       0x5a hal/utils/src/utils_assert.o
 .comment       0x00000059       0x5a hal/utils/src/utils_list.o
 .comment       0x00000059       0x5a hal/utils/src/utils_ringbuffer.o
 .comment       0x00000059       0x5a hpl/core/hpl_core_m0plus_base.o
 .comment       0x00000059       0x5a hpl/core/hpl_init.o
 .comment       0x00000059       0x5a hpl/eic/hpl_eic.o
 .comment       0x00000059       0x5a hpl/gclk/hpl_gclk.o
 .comment       0x00000059       0x5a hpl/pm/hpl_pm.o
 .comment       0x00000059       0x5a hpl/sercom/hpl_sercom.o
 .comment       0x00000059       0x5a hpl/sysctrl/hpl_sysctrl.o
 .comment       0x00000059       0x5a hpl/tc/hpl_tc.o
 .comment       0x00000059       0x5a main.o

.debug_info     0x00000000    0x255f1
 .debug_info    0x00000000      0x56a atmel_start.o
 .debug_info    0x0000056a     0x3a2c Device_Startup/startup_samd21.o
 .debug_info    0x00003f96     0x9679 driver_init.o
 .debug_info    0x0000d60f      0x1d1 hal/src/hal_atomic.o
 .debug_info    0x0000d7e0      0x379 hal/src/hal_ext_irq.o
 .debug_info    0x0000db59      0x2b2 hal/src/hal_io.o
 .debug_info    0x0000de0b      0x9c9 hal/src/hal_spi_m_sync.o
 .debug_info    0x0000e7d4      0xb91 hal/src/hal_timer.o
 .debug_info    0x0000f365     0x129e hal/src/hal_usart_async.o
 .debug_info    0x00010603      0x107 hal/utils/src/utils_assert.o
 .debug_info    0x0001070a      0x314 hal/utils/src/utils_list.o
 .debug_info    0x00010a1e      0x2f1 hal/utils/src/utils_ringbuffer.o
 .debug_info    0x00010d0f      0x865 hpl/core/hpl_core_m0plus_base.o
 .debug_info    0x00011574      0x68a hpl/core/hpl_init.o
 .debug_info    0x00011bfe     0x1fb2 hpl/eic/hpl_eic.o
 .debug_info    0x00013bb0      0x745 hpl/gclk/hpl_gclk.o
 .debug_info    0x000142f5      0xc6d hpl/pm/hpl_pm.o
 .debug_info    0x00014f62     0xb63a hpl/sercom/hpl_sercom.o
 .debug_info    0x0002059c     0x1a1c hpl/sysctrl/hpl_sysctrl.o
 .debug_info    0x00021fb8     0x2188 hpl/tc/hpl_tc.o
 .debug_info    0x00024140     0x14b1 main.o

.debug_abbrev   0x00000000     0x30e0
 .debug_abbrev  0x00000000      0x104 atmel_start.o
 .debug_abbrev  0x00000104      0x227 Device_Startup/startup_samd21.o
 .debug_abbrev  0x0000032b      0x3c5 driver_init.o
 .debug_abbrev  0x000006f0      0x144 hal/src/hal_atomic.o
 .debug_abbrev  0x00000834      0x179 hal/src/hal_ext_irq.o
 .debug_abbrev  0x000009ad      0x115 hal/src/hal_io.o
 .debug_abbrev  0x00000ac2      0x1b1 hal/src/hal_spi_m_sync.o
 .debug_abbrev  0x00000c73      0x221 hal/src/hal_timer.o
 .debug_abbrev  0x00000e94      0x29f hal/src/hal_usart_async.o
 .debug_abbrev  0x00001133       0x86 hal/utils/src/utils_assert.o
 .debug_abbrev  0x000011b9      0x152 hal/utils/src/utils_list.o
 .debug_abbrev  0x0000130b       0xf4 hal/utils/src/utils_ringbuffer.o
 .debug_abbrev  0x000013ff      0x2c6 hpl/core/hpl_core_m0plus_base.o
 .debug_abbrev  0x000016c5      0x1d9 hpl/core/hpl_init.o
 .debug_abbrev  0x0000189e      0x3da hpl/eic/hpl_eic.o
 .debug_abbrev  0x00001c78      0x1c3 hpl/gclk/hpl_gclk.o
 .debug_abbrev  0x00001e3b      0x211 hpl/pm/hpl_pm.o
 .debug_abbrev  0x0000204c      0x5bf hpl/sercom/hpl_sercom.o
 .debug_abbrev  0x0000260b      0x265 hpl/sysctrl/hpl_sysctrl.o
 .debug_abbrev  0x00002870      0x4da hpl/tc/hpl_tc.o
 .debug_abbrev  0x00002d4a      0x396 main.o

.debug_loc      0x00000000     0xd403
 .debug_loc     0x00000000       0x20 atmel_start.o
 .debug_loc     0x00000020       0x78 Device_Startup/startup_samd21.o
 .debug_loc     0x00000098      0xee3 driver_init.o
 .debug_loc     0x00000f7b       0x13 hal/src/hal_atomic.o
 .debug_loc     0x00000f8e      0x37b hal/src/hal_ext_irq.o
 .debug_loc     0x00001309      0x1b6 hal/src/hal_io.o
 .debug_loc     0x000014bf      0x728 hal/src/hal_spi_m_sync.o
 .debug_loc     0x00001be7      0x767 hal/src/hal_timer.o
 .debug_loc     0x0000234e      0xf92 hal/src/hal_usart_async.o
 .debug_loc     0x000032e0      0x213 hal/utils/src/utils_list.o
 .debug_loc     0x000034f3      0x2d1 hal/utils/src/utils_ringbuffer.o
 .debug_loc     0x000037c4      0x2a1 hpl/core/hpl_core_m0plus_base.o
 .debug_loc     0x00003a65       0x4c hpl/core/hpl_init.o
 .debug_loc     0x00003ab1      0x50d hpl/eic/hpl_eic.o
 .debug_loc     0x00003fbe      0x366 hpl/gclk/hpl_gclk.o
 .debug_loc     0x00004324      0x11b hpl/pm/hpl_pm.o
 .debug_loc     0x0000443f     0x8011 hpl/sercom/hpl_sercom.o
 .debug_loc     0x0000c450      0x2e0 hpl/sysctrl/hpl_sysctrl.o
 .debug_loc     0x0000c730      0x906 hpl/tc/hpl_tc.o
 .debug_loc     0x0000d036      0x3cd main.o

.debug_aranges  0x00000000      0xb38
 .debug_aranges
                0x00000000       0x20 atmel_start.o
 .debug_aranges
                0x00000020       0x28 Device_Startup/startup_samd21.o
 .debug_aranges
                0x00000048       0x60 driver_init.o
 .debug_aranges
                0x000000a8       0x30 hal/src/hal_atomic.o
 .debug_aranges
                0x000000d8       0x50 hal/src/hal_ext_irq.o
 .debug_aranges
                0x00000128       0x30 hal/src/hal_io.o
 .debug_aranges
                0x00000158       0x88 hal/src/hal_spi_m_sync.o
 .debug_aranges
                0x000001e0       0x70 hal/src/hal_timer.o
 .debug_aranges
                0x00000250       0xe0 hal/src/hal_usart_async.o
 .debug_aranges
                0x00000330       0x20 hal/utils/src/utils_assert.o
 .debug_aranges
                0x00000350       0x48 hal/utils/src/utils_list.o
 .debug_aranges
                0x00000398       0x40 hal/utils/src/utils_ringbuffer.o
 .debug_aranges
                0x000003d8       0x80 hpl/core/hpl_core_m0plus_base.o
 .debug_aranges
                0x00000458       0x20 hpl/core/hpl_init.o
 .debug_aranges
                0x00000478       0x38 hpl/eic/hpl_eic.o
 .debug_aranges
                0x000004b0       0x28 hpl/gclk/hpl_gclk.o
 .debug_aranges
                0x000004d8       0x30 hpl/pm/hpl_pm.o
 .debug_aranges
                0x00000508      0x520 hpl/sercom/hpl_sercom.o
 .debug_aranges
                0x00000a28       0x28 hpl/sysctrl/hpl_sysctrl.o
 .debug_aranges
                0x00000a50       0x90 hpl/tc/hpl_tc.o
 .debug_aranges
                0x00000ae0       0x58 main.o

.debug_ranges   0x00000000      0xbe8
 .debug_ranges  0x00000000       0x10 atmel_start.o
 .debug_ranges  0x00000010       0x18 Device_Startup/startup_samd21.o
 .debug_ranges  0x00000028       0x50 driver_init.o
 .debug_ranges  0x00000078       0x20 hal/src/hal_atomic.o
 .debug_ranges  0x00000098       0x40 hal/src/hal_ext_irq.o
 .debug_ranges  0x000000d8       0x20 hal/src/hal_io.o
 .debug_ranges  0x000000f8       0x78 hal/src/hal_spi_m_sync.o
 .debug_ranges  0x00000170       0x90 hal/src/hal_timer.o
 .debug_ranges  0x00000200       0xd0 hal/src/hal_usart_async.o
 .debug_ranges  0x000002d0       0x10 hal/utils/src/utils_assert.o
 .debug_ranges  0x000002e0       0x38 hal/utils/src/utils_list.o
 .debug_ranges  0x00000318       0x30 hal/utils/src/utils_ringbuffer.o
 .debug_ranges  0x00000348       0x70 hpl/core/hpl_core_m0plus_base.o
 .debug_ranges  0x000003b8       0x10 hpl/core/hpl_init.o
 .debug_ranges  0x000003c8       0x28 hpl/eic/hpl_eic.o
 .debug_ranges  0x000003f0       0x18 hpl/gclk/hpl_gclk.o
 .debug_ranges  0x00000408       0x20 hpl/pm/hpl_pm.o
 .debug_ranges  0x00000428      0x6e0 hpl/sercom/hpl_sercom.o
 .debug_ranges  0x00000b08       0x18 hpl/sysctrl/hpl_sysctrl.o
 .debug_ranges  0x00000b20       0x80 hpl/tc/hpl_tc.o
 .debug_ranges  0x00000ba0       0x48 main.o

.debug_macro    0x00000000    0x18b60
 .debug_macro   0x00000000      0x58c atmel_start.o
 .debug_macro   0x0000058c      0x89e atmel_start.o
 .debug_macro   0x00000e2a      0x16d atmel_start.o
 .debug_macro   0x00000f97       0x22 atmel_start.o
 .debug_macro   0x00000fb9       0x87 atmel_start.o
 .debug_macro   0x00001040       0x51 atmel_start.o
 .debug_macro   0x00001091       0xef atmel_start.o
 .debug_macro   0x00001180       0x6a atmel_start.o
 .debug_macro   0x000011ea      0x1df atmel_start.o
 .debug_macro   0x000013c9       0x22 atmel_start.o
 .debug_macro   0x000013eb       0x3f atmel_start.o
 .debug_macro   0x0000142a       0x1c atmel_start.o
 .debug_macro   0x00001446       0x22 atmel_start.o
 .debug_macro   0x00001468       0xb5 atmel_start.o
 .debug_macro   0x0000151d      0x3ad atmel_start.o
 .debug_macro   0x000018ca      0x67e atmel_start.o
 .debug_macro   0x00001f48      0x8b1 atmel_start.o
 .debug_macro   0x000027f9      0x22e atmel_start.o
 .debug_macro   0x00002a27      0xd5c atmel_start.o
 .debug_macro   0x00003783      0x4dc atmel_start.o
 .debug_macro   0x00003c5f      0x9f6 atmel_start.o
 .debug_macro   0x00004655      0x82b atmel_start.o
 .debug_macro   0x00004e80      0x45f atmel_start.o
 .debug_macro   0x000052df       0x5e atmel_start.o
 .debug_macro   0x0000533d      0x8f9 atmel_start.o
 .debug_macro   0x00005c36      0x21c atmel_start.o
 .debug_macro   0x00005e52      0x735 atmel_start.o
 .debug_macro   0x00006587       0x5e atmel_start.o
 .debug_macro   0x000065e5      0x632 atmel_start.o
 .debug_macro   0x00006c17      0x3ac atmel_start.o
 .debug_macro   0x00006fc3      0xc76 atmel_start.o
 .debug_macro   0x00007c39     0x1092 atmel_start.o
 .debug_macro   0x00008ccb      0xc4a atmel_start.o
 .debug_macro   0x00009915      0x6ba atmel_start.o
 .debug_macro   0x00009fcf     0x1b3d atmel_start.o
 .debug_macro   0x0000bb0c     0x143c atmel_start.o
 .debug_macro   0x0000cf48      0x340 atmel_start.o
 .debug_macro   0x0000d288       0x7c atmel_start.o
 .debug_macro   0x0000d304       0xa0 atmel_start.o
 .debug_macro   0x0000d3a4       0x4c atmel_start.o
 .debug_macro   0x0000d3f0       0xca atmel_start.o
 .debug_macro   0x0000d4ba       0x94 atmel_start.o
 .debug_macro   0x0000d54e       0x58 atmel_start.o
 .debug_macro   0x0000d5a6      0x341 atmel_start.o
 .debug_macro   0x0000d8e7       0x82 atmel_start.o
 .debug_macro   0x0000d969      0x189 atmel_start.o
 .debug_macro   0x0000daf2       0xb8 atmel_start.o
 .debug_macro   0x0000dbaa       0xa0 atmel_start.o
 .debug_macro   0x0000dc4a       0xb2 atmel_start.o
 .debug_macro   0x0000dcfc       0x1c atmel_start.o
 .debug_macro   0x0000dd18       0x1c atmel_start.o
 .debug_macro   0x0000dd34       0x1c atmel_start.o
 .debug_macro   0x0000dd50       0x7c atmel_start.o
 .debug_macro   0x0000ddcc      0x15a atmel_start.o
 .debug_macro   0x0000df26       0x10 atmel_start.o
 .debug_macro   0x0000df36       0xdc atmel_start.o
 .debug_macro   0x0000e012      0x124 atmel_start.o
 .debug_macro   0x0000e136      0x124 atmel_start.o
 .debug_macro   0x0000e25a      0x124 atmel_start.o
 .debug_macro   0x0000e37e      0x124 atmel_start.o
 .debug_macro   0x0000e4a2      0x124 atmel_start.o
 .debug_macro   0x0000e5c6      0x124 atmel_start.o
 .debug_macro   0x0000e6ea      0x124 atmel_start.o
 .debug_macro   0x0000e80e       0xe2 atmel_start.o
 .debug_macro   0x0000e8f0       0xe2 atmel_start.o
 .debug_macro   0x0000e9d2       0xe2 atmel_start.o
 .debug_macro   0x0000eab4      0x12a atmel_start.o
 .debug_macro   0x0000ebde      0x100 atmel_start.o
 .debug_macro   0x0000ecde       0xf4 atmel_start.o
 .debug_macro   0x0000edd2      0x40f atmel_start.o
 .debug_macro   0x0000f1e1       0x40 atmel_start.o
 .debug_macro   0x0000f221      0x376 atmel_start.o
 .debug_macro   0x0000f597     0x17df atmel_start.o
 .debug_macro   0x00010d76       0x6d atmel_start.o
 .debug_macro   0x00010de3       0x10 atmel_start.o
 .debug_macro   0x00010df3       0x10 atmel_start.o
 .debug_macro   0x00010e03       0x16 atmel_start.o
 .debug_macro   0x00010e19       0x16 atmel_start.o
 .debug_macro   0x00010e2f       0x16 atmel_start.o
 .debug_macro   0x00010e45       0x16 atmel_start.o
 .debug_macro   0x00010e5b       0x16 atmel_start.o
 .debug_macro   0x00010e71       0x16 atmel_start.o
 .debug_macro   0x00010e87       0x16 atmel_start.o
 .debug_macro   0x00010e9d       0x16 atmel_start.o
 .debug_macro   0x00010eb3       0x16 atmel_start.o
 .debug_macro   0x00010ec9       0x16 atmel_start.o
 .debug_macro   0x00010edf       0x16 atmel_start.o
 .debug_macro   0x00010ef5       0x16 atmel_start.o
 .debug_macro   0x00010f0b       0x16 atmel_start.o
 .debug_macro   0x00010f21       0x16 atmel_start.o
 .debug_macro   0x00010f37      0x4c3 atmel_start.o
 .debug_macro   0x000113fa       0x94 atmel_start.o
 .debug_macro   0x0001148e       0x16 atmel_start.o
 .debug_macro   0x000114a4       0x6a atmel_start.o
 .debug_macro   0x0001150e      0x28c atmel_start.o
 .debug_macro   0x0001179a      0x4d8 atmel_start.o
 .debug_macro   0x00011c72       0x16 atmel_start.o
 .debug_macro   0x00011c88       0xca atmel_start.o
 .debug_macro   0x00011d52       0x1c atmel_start.o
 .debug_macro   0x00011d6e       0x16 atmel_start.o
 .debug_macro   0x00011d84       0x64 atmel_start.o
 .debug_macro   0x00011de8       0xc9 atmel_start.o
 .debug_macro   0x00011eb1      0x2fc Device_Startup/startup_samd21.o
 .debug_macro   0x000121ad       0x39 Device_Startup/startup_samd21.o
 .debug_macro   0x000121e6      0x5a7 driver_init.o
 .debug_macro   0x0001278d       0x5e driver_init.o
 .debug_macro   0x000127eb      0x42a hal/src/hal_atomic.o
 .debug_macro   0x00012c15      0x444 hal/src/hal_ext_irq.o
 .debug_macro   0x00013059      0x43d hal/src/hal_io.o
 .debug_macro   0x00013496      0x480 hal/src/hal_spi_m_sync.o
 .debug_macro   0x00013916      0x470 hal/src/hal_timer.o
 .debug_macro   0x00013d86      0x486 hal/src/hal_usart_async.o
 .debug_macro   0x0001420c      0x433 hal/utils/src/utils_assert.o
 .debug_macro   0x0001463f       0x10 hal/utils/src/utils_assert.o
 .debug_macro   0x0001464f      0x437 hal/utils/src/utils_list.o
 .debug_macro   0x00014a86      0x437 hal/utils/src/utils_ringbuffer.o
 .debug_macro   0x00014ebd      0x481 hpl/core/hpl_core_m0plus_base.o
 .debug_macro   0x0001533e      0x4a4 hpl/core/hpl_init.o
 .debug_macro   0x000157e2       0x2e hpl/core/hpl_init.o
 .debug_macro   0x00015810      0x6ec hpl/core/hpl_init.o
 .debug_macro   0x00015efc      0x50e hpl/eic/hpl_eic.o
 .debug_macro   0x0001640a      0x241 hpl/eic/hpl_eic.o
 .debug_macro   0x0001664b      0x446 hpl/gclk/hpl_gclk.o
 .debug_macro   0x00016a91      0x1f3 hpl/gclk/hpl_gclk.o
 .debug_macro   0x00016c84      0x469 hpl/pm/hpl_pm.o
 .debug_macro   0x000170ed      0x66b hpl/sercom/hpl_sercom.o
 .debug_macro   0x00017758       0x70 hpl/sercom/hpl_sercom.o
 .debug_macro   0x000177c8      0x158 hpl/sercom/hpl_sercom.o
 .debug_macro   0x00017920       0x10 hpl/sercom/hpl_sercom.o
 .debug_macro   0x00017930       0x1c hpl/sercom/hpl_sercom.o
 .debug_macro   0x0001794c       0x22 hpl/sercom/hpl_sercom.o
 .debug_macro   0x0001796e       0x10 hpl/sercom/hpl_sercom.o
 .debug_macro   0x0001797e      0x440 hpl/sysctrl/hpl_sysctrl.o
 .debug_macro   0x00017dbe      0x2da hpl/sysctrl/hpl_sysctrl.o
 .debug_macro   0x00018098      0x4a9 hpl/tc/hpl_tc.o
 .debug_macro   0x00018541       0x10 hpl/tc/hpl_tc.o
 .debug_macro   0x00018551       0x83 hpl/tc/hpl_tc.o
 .debug_macro   0x000185d4      0x58c main.o

.debug_line     0x00000000     0xfc29
 .debug_line    0x00000000      0xb34 atmel_start.o
 .debug_line    0x00000b34      0x6fa Device_Startup/startup_samd21.o
 .debug_line    0x0000122e      0xd14 driver_init.o
 .debug_line    0x00001f42      0x974 hal/src/hal_atomic.o
 .debug_line    0x000028b6      0xa12 hal/src/hal_ext_irq.o
 .debug_line    0x000032c8      0x98c hal/src/hal_io.o
 .debug_line    0x00003c54      0xaf2 hal/src/hal_spi_m_sync.o
 .debug_line    0x00004746      0xb12 hal/src/hal_timer.o
 .debug_line    0x00005258      0xc4c hal/src/hal_usart_async.o
 .debug_line    0x00005ea4      0x93e hal/utils/src/utils_assert.o
 .debug_line    0x000067e2      0x9d7 hal/utils/src/utils_list.o
 .debug_line    0x000071b9      0x9dd hal/utils/src/utils_ringbuffer.o
 .debug_line    0x00007b96      0xb12 hpl/core/hpl_core_m0plus_base.o
 .debug_line    0x000086a8      0xa1f hpl/core/hpl_init.o
 .debug_line    0x000090c7      0xb34 hpl/eic/hpl_eic.o
 .debug_line    0x00009bfb      0x9f8 hpl/gclk/hpl_gclk.o
 .debug_line    0x0000a5f3      0x9e4 hpl/pm/hpl_pm.o
 .debug_line    0x0000afd7     0x2999 hpl/sercom/hpl_sercom.o
 .debug_line    0x0000d970      0xa69 hpl/sysctrl/hpl_sysctrl.o
 .debug_line    0x0000e3d9      0xc51 hpl/tc/hpl_tc.o
 .debug_line    0x0000f02a      0xbff main.o

.debug_str      0x00000000    0x85e2b
 .debug_str     0x00000000    0x763cb atmel_start.o
                              0x768a5 (size before relaxing)
 .debug_str     0x000763cb     0x10b0 Device_Startup/startup_samd21.o
                              0x6e1cc (size before relaxing)
 .debug_str     0x0007747b     0x156a driver_init.o
                              0x78c54 (size before relaxing)
 .debug_str     0x000789e5       0x9c hal/src/hal_atomic.o
                              0x75c8c (size before relaxing)
 .debug_str     0x00078a81       0xcc hal/src/hal_ext_irq.o
                              0x75d51 (size before relaxing)
 .debug_str     0x00078b4d       0x33 hal/src/hal_io.o
                              0x75d39 (size before relaxing)
 .debug_str     0x00078b80      0x2ef hal/src/hal_spi_m_sync.o
                              0x76626 (size before relaxing)
 .debug_str     0x00078e6f      0x2cc hal/src/hal_timer.o
                              0x765cb (size before relaxing)
 .debug_str     0x0007913b      0x694 hal/src/hal_usart_async.o
                              0x76ba3 (size before relaxing)
 .debug_str     0x000797cf       0x2a hal/utils/src/utils_assert.o
                              0x75c9c (size before relaxing)
 .debug_str     0x000797f9       0x31 hal/utils/src/utils_list.o
                              0x75d46 (size before relaxing)
 .debug_str     0x0007982a       0x24 hal/utils/src/utils_ringbuffer.o
                              0x75d42 (size before relaxing)
 .debug_str     0x0007984e      0x327 hpl/core/hpl_core_m0plus_base.o
                              0x767d6 (size before relaxing)
 .debug_str     0x00079b75     0x17d7 hpl/core/hpl_init.o
                              0x77925 (size before relaxing)
 .debug_str     0x0007b34c     0x3b0e hpl/eic/hpl_eic.o
                              0x79faa (size before relaxing)
 .debug_str     0x0007ee5a      0x857 hpl/gclk/hpl_gclk.o
                              0x765c1 (size before relaxing)
 .debug_str     0x0007f6b1      0x194 hpl/pm/hpl_pm.o
                              0x76484 (size before relaxing)
 .debug_str     0x0007f845     0x47f1 hpl/sercom/hpl_sercom.o
                              0x7bd7b (size before relaxing)
 .debug_str     0x00084036     0x1343 hpl/sysctrl/hpl_sysctrl.o
                              0x771bc (size before relaxing)
 .debug_str     0x00085379      0x9ec hpl/tc/hpl_tc.o
                              0x7744a (size before relaxing)
 .debug_str     0x00085d65       0xc6 main.o
                              0x76d0e (size before relaxing)

.debug_frame    0x00000000     0x1cc4
 .debug_frame   0x00000000       0x28 atmel_start.o
 .debug_frame   0x00000028       0x40 Device_Startup/startup_samd21.o
 .debug_frame   0x00000068       0xf0 driver_init.o
 .debug_frame   0x00000158       0x40 hal/src/hal_atomic.o
 .debug_frame   0x00000198       0xc4 hal/src/hal_ext_irq.o
 .debug_frame   0x0000025c       0x58 hal/src/hal_io.o
 .debug_frame   0x000002b4      0x188 hal/src/hal_spi_m_sync.o
 .debug_frame   0x0000043c      0x13c hal/src/hal_timer.o
 .debug_frame   0x00000578      0x2a4 hal/src/hal_usart_async.o
 .debug_frame   0x0000081c       0x20 hal/utils/src/utils_assert.o
 .debug_frame   0x0000083c       0x88 hal/utils/src/utils_list.o
 .debug_frame   0x000008c4       0x94 hal/utils/src/utils_ringbuffer.o
 .debug_frame   0x00000958       0xfc hpl/core/hpl_core_m0plus_base.o
 .debug_frame   0x00000a54       0x28 hpl/core/hpl_init.o
 .debug_frame   0x00000a7c       0x60 hpl/eic/hpl_eic.o
 .debug_frame   0x00000adc       0x30 hpl/gclk/hpl_gclk.o
 .debug_frame   0x00000b0c       0x40 hpl/pm/hpl_pm.o
 .debug_frame   0x00000b4c      0xedc hpl/sercom/hpl_sercom.o
 .debug_frame   0x00001a28       0x30 hpl/sysctrl/hpl_sysctrl.o
 .debug_frame   0x00001a58      0x134 hpl/tc/hpl_tc.o
 .debug_frame   0x00001b8c       0xe4 main.o
 .debug_frame   0x00001c70       0x28 c:/program files (x86)/atmel/studio/7.0/toolchain/arm/arm-gnu-toolchain/bin/../lib/gcc/arm-none-eabi/6.3.1/thumb/v6-m\libgcc.a(_ffssi2.o)
 .debug_frame   0x00001c98       0x2c c:/program files (x86)/atmel/studio/7.0/toolchain/arm/arm-gnu-toolchain/bin/../lib/gcc/arm-none-eabi/6.3.1/../../../../arm-none-eabi/lib/thumb/v6-m\libc_nano.a(lib_a-init.o)
